// Jest Snapshot v1, https://goo.gl/fbAQLP

exports[`snapshot menu 1`] = `
<div
  className="languageBox"
>
  <div
    className="languageList"
  >
    <div
      className="language selectedLanguage"
    >
      en
    </div>
  </div>
</div>
`;
