// Jest Snapshot v1, https://goo.gl/fbAQLP

exports[`render 1`] = `
<div
  className="roleBox"
>
  <div
    className="dropdown"
    onKeyDown={[Function]}
  >
    <button
      aria-expanded={false}
      aria-haspopup={true}
      className="dropdown-toggle btn btn-secondary"
      onClick={[Function]}
      type="button"
    >
      Roles
    </button>
    <div
      aria-hidden={true}
      className="dropdown-menu"
      role="menu"
      tabIndex="-1"
    >
      <div
        className="role"
      >
        <input
          checked={true}
          id="Guest-checkbox"
          onChange={[Function]}
          type="checkbox"
        />
        <label
          htmlFor="Guest-checkbox"
        >
          <span
            className="checkBox"
          />
          Guest
        </label>
      </div>
      <div
        className="role"
      >
        <input
          checked={false}
          id="Administrator-checkbox"
          onChange={[Function]}
          type="checkbox"
        />
        <label
          htmlFor="Administrator-checkbox"
        >
          <span
            className="checkBox"
          />
          Administrator
        </label>
      </div>
      <div
        className="dropdown-divider"
        onClick={[Function]}
        tabIndex="-1"
        type={undefined}
      />
      <button
        className="dropdown-item"
        onClick={[Function]}
        tabIndex="0"
        type="button"
      >
        кнопки в разработке
        <br />
        <button
          className="btn btn-primary btn-sm"
          onClick={[Function]}
          type="button"
        >
          Выбрать всё
        </button>
         
        <button
          className="btn btn-secondary btn-sm"
          onClick={[Function]}
          type="button"
        >
          Очистить всё
        </button>
      </button>
    </div>
  </div>
</div>
`;
