// Jest Snapshot v1, https://goo.gl/fbAQLP

exports[`snapshot 1`] = `
<div
  className="staticPage"
  dangerouslySetInnerHTML={
    Object {
      "__html": "<h1>Static page<h1>test content",
    }
  }
/>
`;
